2026-05-12 08:16:59,724 - INFO - User added: Ahmed
2026-05-12 08:17:01,470 - INFO - Analyzed
2026-05-12 08:17:18,053 - INFO - User added: azram
2026-05-12 08:17:20,227 - INFO - Analyzed
2026-05-12 08:26:11,004 - INFO - program ended
2026-05-12 08:27:02,690 - INFO - Analyzed
2026-05-12 08:28:37,187 - INFO - User added: nedim
2026-05-12 08:28:45,709 - INFO - Analyzed
2026-05-12 08:28:59,410 - INFO - Tüm kullanýcýlar silindi.
2026-05-12 08:29:03,550 - INFO - program ended
2026-05-12 08:30:07,244 - INFO - User added: ahmed
2026-05-12 08:30:25,308 - ERROR - 'name'
2026-05-12 08:30:32,141 - INFO - User added: ahmed
2026-05-12 08:30:32,964 - ERROR - 'name'
2026-05-12 08:33:18,312 - INFO - User added: ahmed
2026-05-12 08:33:20,657 - ERROR - 'name'
2026-05-12 08:33:26,244 - INFO - program ended
2026-05-12 08:33:29,178 - ERROR - 'name'
2026-05-12 08:34:30,232 - INFO - program ended
2026-05-12 08:34:40,253 - INFO - User added: ahmed
2026-05-12 08:34:41,335 - ERROR - 'name'
2026-05-12 08:35:05,179 - INFO - REMOVED ALL USERS.
2026-05-12 08:35:14,119 - INFO - User added: klm
2026-05-12 08:35:15,087 - INFO - Analyzed
2026-05-12 08:35:25,321 - INFO - User added: ahmed
2026-05-12 08:35:27,336 - INFO - Analyzed
